This is XeTeX, Version 3.141592653-2.6-0.999996 (MiKTeX 24.4) (preloaded format=xelatex 2024.11.19)  5 JUN 2026 14:42
entering extended mode
 restricted \write18 enabled.
 file:line:error style messages enabled.
 %&-line parsing enabled.
**f:/桌面/机器人导论/final_project/main.tex
(f:/桌面/机器人导论/final_project/main.tex
LaTeX2e <2024-11-01>
L3 programming layer <2024-11-02>

! LaTeX Error: File `SYSUReport.cls' not found.

Type X to quit or <RETURN> to proceed,
or enter new name. (Default extension: cls)

Enter file name: 
f:/桌面/机器人导论/final_project/main.tex:3: Emergency stop.
<read *> 
         
l.3 \usepackage
               {xeCJK}^^M
*** (cannot \read from terminal in nonstop modes)

 
Here is how much of TeX's memory you used:
 20 strings out of 408789
 414 string characters out of 5756113
 384118 words of memory out of 5000000
 23019 multiletter control sequences out of 15000+600000
 558069 words of font info for 36 fonts, out of 8000000 for 9000
 1348 hyphenation exceptions out of 8191
 19i,0n,29p,89b,17s stack positions out of 10000i,1000n,20000p,200000b,200000s
No pages of output.
